    Checking pdfverifier-fe v0.1.0 (C:\Project\PdfVerifier-FE)
    Finished `dev` profile [unoptimized + debuginfo] target(s) in 1.36s
